// Jest Snapshot v1, https://goo.gl/fbAQLP

exports[`Details renders correctly 1`] = `
<div>
  <div
    className="imagess"
  >
    <img
      alt=""
      src="https://www.afge.org/link/c5634a73b41b4dd8a3f48e6768a6422d.aspx"
    />
  </div>
  <div
    className="container"
  >
    <div
      className="mb-2"
      onClick={[Function]}
      style={
        {
          "width": "18rem",
        }
      }
    >
      <h2>
        âž¤
      </h2>
      <div
        className="body"
      >
        <div
          className="card-t"
        >
          <h3>
             
          </h3>
          <p>
            Population:
          </p>
        </div>
      </div>
    </div>
  </div>
</div>
`;
